Microchip MPLAB XC8 Compiler V1.43 ()

Linker command line:

-W-3 --edf=C:\Program Files (x86)\Microchip\xc8\v1.43\dat\en_msgs.txt -cs \
  -h+dist/default/production\MPLAB_XC8.production.sym \
  --cmf=dist/default/production\MPLAB_XC8.production.cmf -z -Q12F1822 \
  -oC:\Users\ciro_\AppData\Local\Temp\sf50.2 \
  -Mdist/default/production/MPLAB_XC8.production.map -E1 -ver=XC8 \
  -ASTACK=02060h-0206fh -pstack=STACK -ACODE=00h-07FFh -ASTRCODE=00h-07FFh \
  -ASTRING=00h-0FFhx8 -ACONST=00h-0FFhx8 -AENTRY=00h-0FFhx8 \
  -ACOMMON=070h-07Fh -ABANK0=020h-06Fh -ABANK1=0A0h-0BFh \
  -ABIGRAM=02000h-0206Fh -ARAM=020h-06Fh,0A0h-0BFh \
  -AABS1=020h-07Fh,0A0h-0BFh -ASFR0=00h-01Fh -ASFR1=080h-09Fh \
  -ASFR2=0100h-016Fh -ASFR3=0180h-01EFh -ASFR4=0200h-026Fh \
  -ASFR5=0280h-02EFh -ASFR6=0300h-036Fh -ASFR7=0380h-03EFh \
  -ASFR8=0400h-046Fh -ASFR9=0480h-04EFh -ASFR10=0500h-056Fh \
  -ASFR11=0580h-05EFh -ASFR12=0600h-066Fh -ASFR13=0680h-06EFh \
  -ASFR14=0700h-076Fh -ASFR15=0780h-07EFh -ASFR16=0800h-086Fh \
  -ASFR17=0880h-08EFh -ASFR18=0900h-096Fh -ASFR19=0980h-09EFh \
  -ASFR20=0A00h-0A6Fh -ASFR21=0A80h-0AEFh -ASFR22=0B00h-0B6Fh \
  -ASFR23=0B80h-0BEFh -ASFR24=0C00h-0C6Fh -ASFR25=0C80h-0CEFh \
  -ASFR26=0D00h-0D6Fh -ASFR27=0D80h-0DEFh -ASFR28=0E00h-0E6Fh \
  -ASFR29=0E80h-0EEFh -ASFR30=0F00h-0F6Fh -ASFR31=0F80h-0FEFh \
  -preset_vec=00h,intentry=04h,init,end_init -ppowerup=CODE -pcinit=CODE \
  -pfunctab=ENTRY -ACONFIG=08007h-08008h -pconfig=CONFIG -DCONFIG=2 \
  -AIDLOC=08000h-08003h -pidloc=IDLOC -DIDLOC=2 -AEEDATA=00h-0FFh/0F000h \
  -peeprom_data=EEDATA -DEEDATA=2 -DCODE=2 -DSTRCODE=2 -DSTRING=2 -DCONST=2 \
  -DENTRY=2 -k C:\Users\ciro_\AppData\Local\Temp\sf50.obj \
  dist/default/production\MPLAB_XC8.production.obj 

Object code version is 3.11

Machine type is 12F1822



                Name                               Link     Load   Length Selector   Space Scale
C:\Users\ciro_\AppData\Local\Temp\sf50.obj
                end_init                             4B       4B        1        8       0
                reset_vec                             0        0        1        0       0
                config                             8007     8007        2    1000E       0
dist/default/production\MPLAB_XC8.production.obj
                cinit                                4C       4C       12        8       0
                intentry                              4        4       47        8       0
                text16                              63E      63E       34        8       0
                text15                              6E8      6E8       1B        8       0
                text13                              6A1      6A1       26        8       0
                text12                              672      672       2F        8       0
                text11                              548      548       65        8       0
                text10                              6C7      6C7       21        8       0
                text9                               1FA      1FA       F5        8       0
                text8                               3A2      3A2       A8        8       0
                text7                               602      602       3C        8       0
                text6                               2EF      2EF       B3        8       0
                text5                               70F      70F        9        8       0
                text4                               44A      44A       87        8       0
                text3                                5E       5E      19C        8       0
                text2                               5AD      5AD       55        8       0
                text1                               703      703        C        8       0
                maintext                            4D1      4D1       77        8       0
                cstackBANK0                          20       20       4E       20       1
                cstackCOMMON                         70       70        E       70       1
                cstackBANK1                          AC       AC        4       A0       1
                bssBANK1                             A0       A0        C       A0       1
                bitbssBANK0                         370       6E        1       20       1     8
                stringtext4                         721      721        2      E30       0
                stringtext3                         71E      71E        3      E30       0
                stringtext2                         71B      71B        3      E30       0
                stringtext1                         718      718        3      E30       0

TOTAL           Name                               Link     Load   Length     Space
        CLASS   STACK          

        CLASS   CODE           
                end_init                             4B       4B        1         0
                cinit                                4C       4C       12         0
                intentry                              4        4       47         0
                reset_vec                             0        0        1         0
                text16                              63E      63E       34         0
                text15                              6E8      6E8       1B         0
                text13                              6A1      6A1       26         0
                text12                              672      672       2F         0
                text11                              548      548       65         0
                text10                              6C7      6C7       21         0
                text9                               1FA      1FA       F5         0
                text8                               3A2      3A2       A8         0
                text7                               602      602       3C         0
                text6                               2EF      2EF       B3         0
                text5                               70F      70F        9         0
                text4                               44A      44A       87         0
                text3                                5E       5E      19C         0
                text2                               5AD      5AD       55         0
                text1                               703      703        C         0
                maintext                            4D1      4D1       77         0

        CLASS   STRCODE        
                stringtext4                         721      721        2         0
                stringtext3                         71E      71E        3         0
                stringtext2                         71B      71B        3         0
                stringtext1                         718      718        3         0

        CLASS   STRING         

        CLASS   CONST          

        CLASS   ENTRY          

        CLASS   COMMON         
                cstackCOMMON                         70       70        E         1

        CLASS   BANK0          
                cstackBANK0                          20       20       4E         1
                bitbssBANK0                         370       6E        1         1

        CLASS   BANK1          
                cstackBANK1                          AC       AC        4         1
                bssBANK1                             A0       A0        C         1

        CLASS   BIGRAM         

        CLASS   RAM            

        CLASS   ABS1           
                abs_s1                               7E       7E        2         1

        CLASS   SFR0           

        CLASS   SFR1           

        CLASS   SFR2           

        CLASS   SFR3           

        CLASS   SFR4           

        CLASS   SFR5           

        CLASS   SFR6           

        CLASS   SFR7           

        CLASS   SFR8           

        CLASS   SFR9           

        CLASS   SFR10          

        CLASS   SFR11          

        CLASS   SFR12          

        CLASS   SFR13          

        CLASS   SFR14          

        CLASS   SFR15          

        CLASS   SFR16          

        CLASS   SFR17          

        CLASS   SFR18          

        CLASS   SFR19          

        CLASS   SFR20          

        CLASS   SFR21          

        CLASS   SFR22          

        CLASS   SFR23          

        CLASS   SFR24          

        CLASS   SFR25          

        CLASS   SFR26          

        CLASS   SFR27          

        CLASS   SFR28          

        CLASS   SFR29          

        CLASS   SFR30          

        CLASS   SFR31          

        CLASS   CONFIG         
                config                             8007     8007        2         0

        CLASS   IDLOC          

        CLASS   EEDATA         

        CLASS   BANK31         

        CLASS   BANK30         

        CLASS   BANK29         

        CLASS   BANK28         

        CLASS   BANK27         

        CLASS   BANK26         

        CLASS   BANK25         

        CLASS   BANK24         

        CLASS   BANK23         

        CLASS   BANK22         

        CLASS   BANK21         

        CLASS   BANK20         

        CLASS   BANK19         

        CLASS   BANK18         

        CLASS   BANK17         

        CLASS   BANK16         

        CLASS   BANK15         

        CLASS   BANK14         

        CLASS   BANK13         

        CLASS   BANK12         

        CLASS   BANK11         

        CLASS   BANK10         

        CLASS   BANK9          

        CLASS   BANK8          

        CLASS   BANK7          

        CLASS   BANK6          

        CLASS   BANK5          

        CLASS   BANK4          

        CLASS   BANK3          

        CLASS   BANK2          



SEGMENTS        Name                           Load    Length   Top    Selector   Space  Class     Delta

                reset_vec                      000000  000001  000001         0       0  CODE        2
                intentry                       000004  000714  000718         8       0  CODE        2
                cstackBANK0                    000020  00004F  00006F        20       1  BANK0       1
                cstackCOMMON                   000070  00000E  00007E        70       1  COMMON      1
                bssBANK1                       0000A0  000010  0000B0        A0       1  BANK1       1
                stringtext1                    000718  00000B  000723       E30       0  STRCODE     2
                config                         008007  000002  008009     1000E       0  CONFIG      2


UNUSED ADDRESS RANGES

        Name                Unused          Largest block    Delta
        BANK0            0006F-0006F               1           1
        BANK1            000B0-000BF              10           1
        BIGRAM           02000-0206F              70           1
        CODE             00001-00003               3           2
                         00723-007FF              DD
        CONST            00001-00003               3           2
                         00723-007FF              DD
        EEDATA           0F000-0F0FF             100           2
        ENTRY            00001-00003               3           2
                         00723-007FF              DD
        IDLOC            08000-08003               4           2
        RAM              0006F-0006F               1           1
                         000B0-000BF              10
        SFR0             00000-0001F              20           1
        SFR1             00080-0009F              20           1
        SFR10            00500-0056F              70           1
        SFR11            00580-005EF              70           1
        SFR12            00600-0066F              70           1
        SFR13            00680-006EF              70           1
        SFR14            00700-0076F              70           1
        SFR15            00780-007EF              70           1
        SFR16            00800-0086F              70           1
        SFR17            00880-008EF              70           1
        SFR18            00900-0096F              70           1
        SFR19            00980-009EF              70           1
        SFR2             00100-0016F              70           1
        SFR20            00A00-00A6F              70           1
        SFR21            00A80-00AEF              70           1
        SFR22            00B00-00B6F              70           1
        SFR23            00B80-00BEF              70           1
        SFR24            00C00-00C6F              70           1
        SFR25            00C80-00CEF              70           1
        SFR26            00D00-00D6F              70           1
        SFR27            00D80-00DEF              70           1
        SFR28            00E00-00E6F              70           1
        SFR29            00E80-00EEF              70           1
        SFR3             00180-001EF              70           1
        SFR30            00F00-00F6F              70           1
        SFR31            00F80-00FEF              70           1
        SFR4             00200-0026F              70           1
        SFR5             00280-002EF              70           1
        SFR6             00300-0036F              70           1
        SFR7             00380-003EF              70           1
        SFR8             00400-0046F              70           1
        SFR9             00480-004EF              70           1
        STACK            02060-0206F              10           1
        STRCODE          00001-00003               3           2
                         00723-007FF              DD
        STRING           00001-00003               3           2
                         00723-007FF              DD

                                  Symbol Table

?___awtoft               cstackBANK0  00029
?___ftadd                cstackBANK0  00049
?___ftdiv                cstackBANK0  00029
?___ftmul                cstackBANK0  00039
?___ftneg                cstackBANK0  00021
?___ftpack               cstackBANK0  00021
?___fttol                cstackBANK0  00021
?___lwdiv                cstackCOMMON 00076
?___wmul                 cstackCOMMON 00070
M_control@ctr            cstackBANK0  0002F
PID@set                  cstackBANK0  00065
PWM_set_duty@duty        cstackBANK0  00021
_ANSELA                  (abs)        0018C
_APFCONbits              (abs)        0011D
_CCP1CON                 (abs)        00293
_CCPR1L                  (abs)        00291
_INTCON                  (abs)        0000B
_INTCONbits              (abs)        0000B
_IOCAFbits               (abs)        00393
_IOCANbits               (abs)        00392
_LATAbits                (abs)        0010C
_M_control               text12       00672
_OPTION_REGbits          (abs)        00095
_OSCCON                  (abs)        00099
_PID                     text2        005AD
_PIE1bits                (abs)        00091
_PIR1bits                (abs)        00011
_PR2                     (abs)        0001B
_PWM_Init                text1        00703
_PWM_set_duty            text13       006A1
_T1CON                   (abs)        00018
_T1CONbits               (abs)        00018
_T2CON                   (abs)        0001C
_TRISA                   (abs)        0008C
_WPUA                    (abs)        0020C
__CFG_BOREN$ON           (abs)        00000
__CFG_BORV$LO            (abs)        00000
__CFG_CLKOUTEN$OFF       (abs)        00000
__CFG_CP$OFF             (abs)        00000
__CFG_CPD$OFF            (abs)        00000
__CFG_FCMEN$OFF          (abs)        00000
__CFG_FOSC$INTOSC        (abs)        00000
__CFG_IESO$OFF           (abs)        00000
__CFG_LVP$OFF            (abs)        00000
__CFG_MCLRE$ON           (abs)        00000
__CFG_PLLEN$ON           (abs)        00000
__CFG_PWRTE$ON           (abs)        00000
__CFG_STVREN$ON          (abs)        00000
__CFG_WDTE$OFF           (abs)        00000
__CFG_WRT$OFF            (abs)        00000
__Habs1                  abs1         00000
__Hbank0                 bank0        00000
__Hbank1                 bank1        00000
__Hbank10                bank10       00000
__Hbank11                bank11       00000
__Hbank12                bank12       00000
__Hbank13                bank13       00000
__Hbank14                bank14       00000
__Hbank15                bank15       00000
__Hbank16                bank16       00000
__Hbank17                bank17       00000
__Hbank18                bank18       00000
__Hbank19                bank19       00000
__Hbank2                 bank2        00000
__Hbank20                bank20       00000
__Hbank21                bank21       00000
__Hbank22                bank22       00000
__Hbank23                bank23       00000
__Hbank24                bank24       00000
__Hbank25                bank25       00000
__Hbank26                bank26       00000
__Hbank27                bank27       00000
__Hbank28                bank28       00000
__Hbank29                bank29       00000
__Hbank3                 bank3        00000
__Hbank30                bank30       00000
__Hbank31                bank31       00000
__Hbank4                 bank4        00000
__Hbank5                 bank5        00000
__Hbank6                 bank6        00000
__Hbank7                 bank7        00000
__Hbank8                 bank8        00000
__Hbank9                 bank9        00000
__Hbigram                bigram       00000
__HbitbssBANK0           bitbssBANK0  00000
__HbssBANK1              bssBANK1     00000
__Hcinit                 cinit        0005E
__Hclrtext               clrtext      00000
__Hcode                  code         00000
__Hcommon                common       00000
__Hconfig                config       08009
__HcstackBANK0           cstackBANK0  00000
__HcstackBANK1           cstackBANK1  00000
__HcstackCOMMON          cstackCOMMON 00000
__Heeprom_data           eeprom_data  00000
__Hend_init              end_init     0004C
__Hfunctab               functab      00000
__Hidloc                 idloc        00000
__Hinit                  init         0004B
__Hintentry              intentry     0004B
__Hmaintext              maintext     00000
__Hpowerup               powerup      00000
__Hram                   ram          00000
__Hreset_vec             reset_vec    00001
__Hsfr0                  sfr0         00000
__Hsfr1                  sfr1         00000
__Hsfr10                 sfr10        00000
__Hsfr11                 sfr11        00000
__Hsfr12                 sfr12        00000
__Hsfr13                 sfr13        00000
__Hsfr14                 sfr14        00000
__Hsfr15                 sfr15        00000
__Hsfr16                 sfr16        00000
__Hsfr17                 sfr17        00000
__Hsfr18                 sfr18        00000
__Hsfr19                 sfr19        00000
__Hsfr2                  sfr2         00000
__Hsfr20                 sfr20        00000
__Hsfr21                 sfr21        00000
__Hsfr22                 sfr22        00000
__Hsfr23                 sfr23        00000
__Hsfr24                 sfr24        00000
__Hsfr25                 sfr25        00000
__Hsfr26                 sfr26        00000
__Hsfr27                 sfr27        00000
__Hsfr28                 sfr28        00000
__Hsfr29                 sfr29        00000
__Hsfr3                  sfr3         00000
__Hsfr30                 sfr30        00000
__Hsfr31                 sfr31        00000
__Hsfr4                  sfr4         00000
__Hsfr5                  sfr5         00000
__Hsfr6                  sfr6         00000
__Hsfr7                  sfr7         00000
__Hsfr8                  sfr8         00000
__Hsfr9                  sfr9         00000
__Hspace_0               (abs)        08009
__Hspace_1               (abs)        00371
__Hspace_2               (abs)        00000
__Hspace_3               (abs)        00000
__Hstack                 stack        00000
__Hstrings               strings      00000
__Hstringtext1           stringtext1  00000
__Hstringtext2           stringtext2  00000
__Hstringtext3           stringtext3  00000
__Hstringtext4           stringtext4  00000
__Htext                  text         00000
__Labs1                  abs1         00000
__Lbank0                 bank0        00000
__Lbank1                 bank1        00000
__Lbank10                bank10       00000
__Lbank11                bank11       00000
__Lbank12                bank12       00000
__Lbank13                bank13       00000
__Lbank14                bank14       00000
__Lbank15                bank15       00000
__Lbank16                bank16       00000
__Lbank17                bank17       00000
__Lbank18                bank18       00000
__Lbank19                bank19       00000
__Lbank2                 bank2        00000
__Lbank20                bank20       00000
__Lbank21                bank21       00000
__Lbank22                bank22       00000
__Lbank23                bank23       00000
__Lbank24                bank24       00000
__Lbank25                bank25       00000
__Lbank26                bank26       00000
__Lbank27                bank27       00000
__Lbank28                bank28       00000
__Lbank29                bank29       00000
__Lbank3                 bank3        00000
__Lbank30                bank30       00000
__Lbank31                bank31       00000
__Lbank4                 bank4        00000
__Lbank5                 bank5        00000
__Lbank6                 bank6        00000
__Lbank7                 bank7        00000
__Lbank8                 bank8        00000
__Lbank9                 bank9        00000
__Lbigram                bigram       00000
__LbitbssBANK0           bitbssBANK0  00000
__LbssBANK1              bssBANK1     00000
__Lcinit                 cinit        0004C
__Lclrtext               clrtext      00000
__Lcode                  code         00000
__Lcommon                common       00000
__Lconfig                config       08007
__LcstackBANK0           cstackBANK0  00000
__LcstackBANK1           cstackBANK1  00000
__LcstackCOMMON          cstackCOMMON 00000
__Leeprom_data           eeprom_data  00000
__Lend_init              end_init     0004B
__Lfunctab               functab      00000
__Lidloc                 idloc        00000
__Linit                  init         0004B
__Lintentry              intentry     00004
__Lmaintext              maintext     00000
__Lpowerup               powerup      00000
__Lram                   ram          00000
__Lreset_vec             reset_vec    00000
__Lsfr0                  sfr0         00000
__Lsfr1                  sfr1         00000
__Lsfr10                 sfr10        00000
__Lsfr11                 sfr11        00000
__Lsfr12                 sfr12        00000
__Lsfr13                 sfr13        00000
__Lsfr14                 sfr14        00000
__Lsfr15                 sfr15        00000
__Lsfr16                 sfr16        00000
__Lsfr17                 sfr17        00000
__Lsfr18                 sfr18        00000
__Lsfr19                 sfr19        00000
__Lsfr2                  sfr2         00000
__Lsfr20                 sfr20        00000
__Lsfr21                 sfr21        00000
__Lsfr22                 sfr22        00000
__Lsfr23                 sfr23        00000
__Lsfr24                 sfr24        00000
__Lsfr25                 sfr25        00000
__Lsfr26                 sfr26        00000
__Lsfr27                 sfr27        00000
__Lsfr28                 sfr28        00000
__Lsfr29                 sfr29        00000
__Lsfr3                  sfr3         00000
__Lsfr30                 sfr30        00000
__Lsfr31                 sfr31        00000
__Lsfr4                  sfr4         00000
__Lsfr5                  sfr5         00000
__Lsfr6                  sfr6         00000
__Lsfr7                  sfr7         00000
__Lsfr8                  sfr8         00000
__Lsfr9                  sfr9         00000
__Lspace_0               (abs)        00000
__Lspace_1               (abs)        00000
__Lspace_2               (abs)        00000
__Lspace_3               (abs)        00000
__Lstack                 stack        00000
__Lstrings               strings      00000
__Lstringtext1           stringtext1  00000
__Lstringtext2           stringtext2  00000
__Lstringtext3           stringtext3  00000
__Lstringtext4           stringtext4  00000
__Ltext                  text         00000
__S0                     (abs)        08009
__S1                     (abs)        000B0
__S2                     (abs)        00000
__S3                     (abs)        00000
___awtoft                text10       006C7
___awtoft@c              cstackBANK0  00029
___awtoft@sign           cstackBANK0  0002E
___ftadd                 text9        001FA
___ftadd@exp1            cstackBANK0  00055
___ftadd@exp2            cstackBANK0  00054
___ftadd@f1              cstackBANK0  00049
___ftadd@f2              cstackBANK0  0004C
___ftadd@sign            cstackBANK0  00053
___ftdiv                 text8        003A2
___ftdiv@cntr            cstackBANK0  00033
___ftdiv@exp             cstackBANK0  00037
___ftdiv@f1              cstackBANK0  0002C
___ftdiv@f2              cstackBANK0  00029
___ftdiv@f3              cstackBANK0  00034
___ftdiv@sign            cstackBANK0  00038
___ftge                  text7        00602
___ftge@ff1              cstackBANK0  00021
___ftge@ff2              cstackBANK0  00024
___ftmul                 text6        002EF
___ftmul@cntr            cstackBANK0  00047
___ftmul@exp             cstackBANK0  00043
___ftmul@f1              cstackBANK0  00039
___ftmul@f2              cstackBANK0  0003C
___ftmul@f3_as_product   cstackBANK0  00044
___ftmul@sign            cstackBANK0  00048
___ftneg                 text5        0070F
___ftneg@f1              cstackBANK0  00021
___ftpack                text11       00548
___ftpack@arg            cstackBANK0  00021
___ftpack@exp            cstackBANK0  00024
___ftpack@sign           cstackBANK0  00025
___fttol                 text4        0044A
___fttol@exp1            cstackBANK0  0002E
___fttol@f1              cstackBANK0  00021
___fttol@lval            cstackBANK0  0002A
___fttol@sign1           cstackBANK0  00029
___int_sp                stack        00000
___latbits               (abs)        00000
___lwdiv                 text16       0063E
___lwdiv@counter         cstackCOMMON 0007D
___lwdiv@dividend        cstackCOMMON 00078
___lwdiv@divisor         cstackCOMMON 00076
___lwdiv@quotient        cstackCOMMON 0007B
___sp                    stack        00000
___wmul                  text15       006E8
___wmul@multiplicand     cstackCOMMON 00072
___wmul@multiplier       cstackCOMMON 00070
___wmul@product          cstackCOMMON 00074
__end_of_M_control       text12       006A1
__end_of_PID             text2        00602
__end_of_PWM_Init        text1        0070F
__end_of_PWM_set_duty    text13       006C7
__end_of___awtoft        text10       006E8
__end_of___ftadd         text9        002EF
__end_of___ftdiv         text8        0044A
__end_of___ftge          text7        0063E
__end_of___ftmul         text6        003A2
__end_of___ftneg         text5        00718
__end_of___ftpack        text11       005AD
__end_of___fttol         text4        004D1
__end_of___lwdiv         text16       00672
__end_of___wmul          text15       00703
__end_of__initialization cinit        0005B
__end_of_calculate_pid   text3        001FA
__end_of_gear            stringtext4  00723
__end_of_isr             intentry     0004B
__end_of_kd              stringtext2  0071E
__end_of_ki              stringtext1  0071B
__end_of_kp              stringtext3  00721
__end_of_main            maintext     00548
__initialization         cinit        0004C
__pbitbssBANK0           bitbssBANK0  00370
__pbssBANK1              bssBANK1     000A0
__pcstackBANK0           cstackBANK0  00020
__pcstackBANK1           cstackBANK1  000AC
__pcstackCOMMON          cstackCOMMON 00070
__pintentry              intentry     00004
__pmaintext              maintext     004D1
__pstringtext1           stringtext1  00718
__pstringtext2           stringtext2  0071B
__pstringtext3           stringtext3  0071E
__pstringtext4           stringtext4  00721
__ptext1                 text1        00703
__ptext10                text10       006C7
__ptext11                text11       00548
__ptext12                text12       00672
__ptext13                text13       006A1
__ptext15                text15       006E8
__ptext16                text16       0063E
__ptext2                 text2        005AD
__ptext3                 text3        0005E
__ptext4                 text4        0044A
__ptext5                 text5        0070F
__ptext6                 text6        002EF
__ptext7                 text7        00602
__ptext8                 text8        003A2
__ptext9                 text9        001FA
__size_of_M_control      (abs)        00000
__size_of_PID            (abs)        00000
__size_of_PWM_Init       (abs)        00000
__size_of_PWM_set_duty   (abs)        00000
__size_of___awtoft       (abs)        00000
__size_of___ftadd        (abs)        00000
__size_of___ftdiv        (abs)        00000
__size_of___ftge         (abs)        00000
__size_of___ftmul        (abs)        00000
__size_of___ftneg        (abs)        00000
__size_of___ftpack       (abs)        00000
__size_of___fttol        (abs)        00000
__size_of___lwdiv        (abs)        00000
__size_of___wmul         (abs)        00000
__size_of_calculate_pid  (abs)        00000
__size_of_isr            (abs)        00000
__size_of_main           (abs)        00000
_accumulator             bssBANK1     000A3
_calculate_pid           text3        0005E
_calculate_pid$763       cstackBANK0  0005A
_counter                 bssBANK1     000A8
_gear                    stringtext4  00721
_isr                     intentry     00004
_kd                      stringtext2  0071B
_ki                      stringtext1  00718
_kp                      stringtext3  0071E
_lasterror               bssBANK1     000A0
_lset                    bssBANK1     000A6
_main                    maintext     004D1
_rpm                     bssBANK1     000AA
_zero_cross              bitbssBANK0  00370
btemp                    (abs)        0007E
calculate_pid@error      cstackBANK0  0005F
calculate_pid@pid        cstackBANK0  00062
calculate_pid@rpm2       cstackBANK0  0005D
calculate_pid@set        cstackBANK0  00056
end_of_initialization    cinit        0005B
int$flags                (abs)        0007E
intlevel0                functab      00000
intlevel1                functab      00000
intlevel2                functab      00000
intlevel3                functab      00000
intlevel4                functab      00000
intlevel5                functab      00000
main@x                   cstackBANK1  000AC
main@x_369               cstackBANK1  000AE
reset_vec                reset_vec    00000
stackhi                  (abs)        0206F
stacklo                  (abs)        02060
start                    init         0004B
start_initialization     cinit        0004C
wtemp0                   (abs)        0007E


FUNCTION INFORMATION:

 *************** function _main *****************
 Defined at:
		line 203 in file "main.c"
 Parameters:    Size  Location     Type
  argc            2   73[BANK0 ] int 
  argv            2   75[BANK0 ] PTR PTR unsigned char 
 Auto vars:     Size  Location     Type
  x               2    2[BANK1 ] int 
  x               2    0[BANK1 ] int 
 Return value:  Size  Location     Type
                  2   73[BANK0 ] int 
 Registers used:
		wreg, fsr0l, fsr0h, status,2, status,0, pclath, cstack
 Tracked objects:
		On entry : 
		On exit  : 
		Unchanged: 
 Data sizes:     COMMON   BANK0   BANK1
      Params:         0       4       0
      Locals:         0       0       4
      Temps:          0       1       0
      Totals:         0       5       4
Total ram usage:        9 bytes
 Hardware stack levels required when called:    6
 This function calls:
		_PID
		_PWM_Init
		_PWM_set_duty
 This function is called by:
		Startup code after reset
 This function uses a non-reentrant model


 *************** function _PWM_Init *****************
 Defined at:
		line 78 in file "main.c"
 Parameters:    Size  Location     Type
		None
 Auto vars:     Size  Location     Type
		None
 Return value:  Size  Location     Type
                  2   70[None  ] int 
 Registers used:
		wreg, status,2
 Tracked objects:
		On entry : 
		On exit  : 
		Unchanged: 
 Data sizes:     COMMON   BANK0   BANK1
      Params:         0       0       0
      Locals:         0       0       0
      Temps:          0       0       0
      Totals:         0       0       0
Total ram usage:        0 bytes
 Hardware stack levels used:    1
 Hardware stack levels required when called:    2
 This function calls:
		Nothing
 This function is called by:
		_main
 This function uses a non-reentrant model


 *************** function _PID *****************
 Defined at:
		line 181 in file "main.c"
 Parameters:    Size  Location     Type
  set             2   69[BANK0 ] int 
 Auto vars:     Size  Location     Type
		None
 Return value:  Size  Location     Type
                  1    wreg      void 
 Registers used:
		wreg, fsr0l, fsr0h, status,2, status,0, pclath, cstack
 Tracked objects:
		On entry : 
		On exit  : 
		Unchanged: 
 Data sizes:     COMMON   BANK0   BANK1
      Params:         0       2       0
      Locals:         0       0       0
      Temps:          0       2       0
      Totals:         0       4       0
Total ram usage:        4 bytes
 Hardware stack levels used:    1
 Hardware stack levels required when called:    5
 This function calls:
		_calculate_pid
 This function is called by:
		_main
 This function uses a non-reentrant model


 *************** function _calculate_pid *****************
 Defined at:
		line 143 in file "main.c"
 Parameters:    Size  Location     Type
  set             2   54[BANK0 ] int 
 Auto vars:     Size  Location     Type
  pid             3   66[BANK0 ] float 
  error           3   63[BANK0 ] float 
  rpm2            2   61[BANK0 ] int 
 Return value:  Size  Location     Type
                  1    wreg      void 
 Registers used:
		wreg, fsr0l, fsr0h, status,2, status,0, pclath, cstack
 Tracked objects:
		On entry : 
		On exit  : 
		Unchanged: 
 Data sizes:     COMMON   BANK0   BANK1
      Params:         0       2       0
      Locals:         0      11       0
      Temps:          0       2       0
      Totals:         0      15       0
Total ram usage:       15 bytes
 Hardware stack levels used:    1
 Hardware stack levels required when called:    4
 This function calls:
		_M_control
		___awtoft
		___ftadd
		___ftdiv
		___ftge
		___ftmul
		___ftneg
		___fttol
 This function is called by:
		_PID
 This function uses a non-reentrant model


 *************** function ___fttol *****************
 Defined at:
		line 44 in file "C:\Program Files (x86)\Microchip\xc8\v1.43\sources\common\fttol.c"
 Parameters:    Size  Location     Type
  f1              3    1[BANK0 ] float 
 Auto vars:     Size  Location     Type
  lval            4   10[BANK0 ] unsigned long 
  exp1            1   14[BANK0 ] unsigned char 
  sign1           1    9[BANK0 ] unsigned char 
 Return value:  Size  Location     Type
                  4    1[BANK0 ] long 
 Registers used:
		wreg, status,2, status,0
 Tracked objects:
		On entry : 
		On exit  : 
		Unchanged: 
 Data sizes:     COMMON   BANK0   BANK1
      Params:         0       4       0
      Locals:         0       6       0
      Temps:          0       4       0
      Totals:         0      14       0
Total ram usage:       14 bytes
 Hardware stack levels used:    1
 Hardware stack levels required when called:    2
 This function calls:
		Nothing
 This function is called by:
		_calculate_pid
 This function uses a non-reentrant model


 *************** function ___ftneg *****************
 Defined at:
		line 15 in file "C:\Program Files (x86)\Microchip\xc8\v1.43\sources\common\ftneg.c"
 Parameters:    Size  Location     Type
  f1              3    1[BANK0 ] float 
 Auto vars:     Size  Location     Type
		None
 Return value:  Size  Location     Type
                  3    1[BANK0 ] float 
 Registers used:
		wreg
 Tracked objects:
		On entry : 
		On exit  : 
		Unchanged: 
 Data sizes:     COMMON   BANK0   BANK1
      Params:         0       3       0
      Locals:         0       0       0
      Temps:          0       0       0
      Totals:         0       3       0
Total ram usage:        3 bytes
 Hardware stack levels used:    1
 Hardware stack levels required when called:    2
 This function calls:
		Nothing
 This function is called by:
		_calculate_pid
 This function uses a non-reentrant model


 *************** function ___ftmul *****************
 Defined at:
		line 62 in file "C:\Program Files (x86)\Microchip\xc8\v1.43\sources\common\ftmul.c"
 Parameters:    Size  Location     Type
  f1              3   25[BANK0 ] float 
  f2              3   28[BANK0 ] float 
 Auto vars:     Size  Location     Type
  f3_as_produc    3   36[BANK0 ] unsigned um
  sign            1   40[BANK0 ] unsigned char 
  cntr            1   39[BANK0 ] unsigned char 
  exp             1   35[BANK0 ] unsigned char 
 Return value:  Size  Location     Type
                  3   25[BANK0 ] float 
 Registers used:
		wreg, status,2, status,0, pclath, cstack
 Tracked objects:
		On entry : 
		On exit  : 
		Unchanged: 
 Data sizes:     COMMON   BANK0   BANK1
      Params:         0       6       0
      Locals:         0       6       0
      Temps:          0       4       0
      Totals:         0      16       0
Total ram usage:       16 bytes
 Hardware stack levels used:    1
 Hardware stack levels required when called:    3
 This function calls:
		___ftpack
 This function is called by:
		_calculate_pid
 This function uses a non-reentrant model


 *************** function ___ftge *****************
 Defined at:
		line 4 in file "C:\Program Files (x86)\Microchip\xc8\v1.43\sources\common\ftge.c"
 Parameters:    Size  Location     Type
  ff1             3    1[BANK0 ] float 
  ff2             3    4[BANK0 ] float 
 Auto vars:     Size  Location     Type
		None
 Return value:  Size  Location     Type
		None               void
 Registers used:
		wreg, status,2, status,0
 Tracked objects:
		On entry : 
		On exit  : 
		Unchanged: 
 Data sizes:     COMMON   BANK0   BANK1
      Params:         0       6       0
      Locals:         0       0       0
      Temps:          0       3       0
      Totals:         0       9       0
Total ram usage:        9 bytes
 Hardware stack levels used:    1
 Hardware stack levels required when called:    2
 This function calls:
		Nothing
 This function is called by:
		_calculate_pid
 This function uses a non-reentrant model


 *************** function ___ftdiv *****************
 Defined at:
		line 56 in file "C:\Program Files (x86)\Microchip\xc8\v1.43\sources\common\ftdiv.c"
 Parameters:    Size  Location     Type
  f2              3    9[BANK0 ] float 
  f1              3   12[BANK0 ] float 
 Auto vars:     Size  Location     Type
  f3              3   20[BANK0 ] float 
  sign            1   24[BANK0 ] unsigned char 
  exp             1   23[BANK0 ] unsigned char 
  cntr            1   19[BANK0 ] unsigned char 
 Return value:  Size  Location     Type
                  3    9[BANK0 ] float 
 Registers used:
		wreg, status,2, status,0, pclath, cstack
 Tracked objects:
		On entry : 
		On exit  : 
		Unchanged: 
 Data sizes:     COMMON   BANK0   BANK1
      Params:         0       6       0
      Locals:         0       6       0
      Temps:          0       4       0
      Totals:         0      16       0
Total ram usage:       16 bytes
 Hardware stack levels used:    1
 Hardware stack levels required when called:    3
 This function calls:
		___ftpack
 This function is called by:
		_calculate_pid
 This function uses a non-reentrant model


 *************** function ___ftadd *****************
 Defined at:
		line 86 in file "C:\Program Files (x86)\Microchip\xc8\v1.43\sources\common\ftadd.c"
 Parameters:    Size  Location     Type
  f1              3   41[BANK0 ] float 
  f2              3   44[BANK0 ] float 
 Auto vars:     Size  Location     Type
  exp1            1   53[BANK0 ] unsigned char 
  exp2            1   52[BANK0 ] unsigned char 
  sign            1   51[BANK0 ] unsigned char 
 Return value:  Size  Location     Type
                  3   41[BANK0 ] float 
 Registers used:
		wreg, status,2, status,0, pclath, cstack
 Tracked objects:
		On entry : 
		On exit  : 
		Unchanged: 
 Data sizes:     COMMON   BANK0   BANK1
      Params:         0       6       0
      Locals:         0       3       0
      Temps:          0       4       0
      Totals:         0      13       0
Total ram usage:       13 bytes
 Hardware stack levels used:    1
 Hardware stack levels required when called:    3
 This function calls:
		___ftpack
 This function is called by:
		_calculate_pid
 This function uses a non-reentrant model


 *************** function ___awtoft *****************
 Defined at:
		line 32 in file "C:\Program Files (x86)\Microchip\xc8\v1.43\sources\common\awtoft.c"
 Parameters:    Size  Location     Type
  c               2    9[BANK0 ] int 
 Auto vars:     Size  Location     Type
  sign            1   14[BANK0 ] unsigned char 
 Return value:  Size  Location     Type
                  3    9[BANK0 ] float 
 Registers used:
		wreg, status,2, status,0, pclath, cstack
 Tracked objects:
		On entry : 
		On exit  : 
		Unchanged: 
 Data sizes:     COMMON   BANK0   BANK1
      Params:         0       3       0
      Locals:         0       1       0
      Temps:          0       2       0
      Totals:         0       6       0
Total ram usage:        6 bytes
 Hardware stack levels used:    1
 Hardware stack levels required when called:    3
 This function calls:
		___ftpack
 This function is called by:
		_calculate_pid
 This function uses a non-reentrant model


 *************** function ___ftpack *****************
 Defined at:
		line 62 in file "C:\Program Files (x86)\Microchip\xc8\v1.43\sources\common\float.c"
 Parameters:    Size  Location     Type
  arg             3    1[BANK0 ] unsigned um
  exp             1    4[BANK0 ] unsigned char 
  sign            1    5[BANK0 ] unsigned char 
 Auto vars:     Size  Location     Type
		None
 Return value:  Size  Location     Type
                  3    1[BANK0 ] float 
 Registers used:
		wreg, status,2, status,0
 Tracked objects:
		On entry : 
		On exit  : 
		Unchanged: 
 Data sizes:     COMMON   BANK0   BANK1
      Params:         0       5       0
      Locals:         0       0       0
      Temps:          0       3       0
      Totals:         0       8       0
Total ram usage:        8 bytes
 Hardware stack levels used:    1
 Hardware stack levels required when called:    2
 This function calls:
		Nothing
 This function is called by:
		___awtoft
		___ftadd
		___ftdiv
		___ftmul
 This function uses a non-reentrant model


 *************** function _M_control *****************
 Defined at:
		line 124 in file "main.c"
 Parameters:    Size  Location     Type
  ctr             2   15[BANK0 ] int 
 Auto vars:     Size  Location     Type
		None
 Return value:  Size  Location     Type
                  1    wreg      void 
 Registers used:
		wreg, status,2, status,0, pclath, cstack
 Tracked objects:
		On entry : 
		On exit  : 
		Unchanged: 
 Data sizes:     COMMON   BANK0   BANK1
      Params:         0       2       0
      Locals:         0       0       0
      Temps:          0       1       0
      Totals:         0       3       0
Total ram usage:        3 bytes
 Hardware stack levels used:    1
 Hardware stack levels required when called:    3
 This function calls:
		_PWM_set_duty
 This function is called by:
		_calculate_pid
 This function uses a non-reentrant model


 *************** function _PWM_set_duty *****************
 Defined at:
		line 115 in file "main.c"
 Parameters:    Size  Location     Type
  duty            2    1[BANK0 ] int 
 Auto vars:     Size  Location     Type
		None
 Return value:  Size  Location     Type
                  2    1[BANK0 ] int 
 Registers used:
		wreg, status,2, status,0
 Tracked objects:
		On entry : 
		On exit  : 
		Unchanged: 
 Data sizes:     COMMON   BANK0   BANK1
      Params:         0       2       0
      Locals:         0       0       0
      Temps:          0       2       0
      Totals:         0       4       0
Total ram usage:        4 bytes
 Hardware stack levels used:    1
 Hardware stack levels required when called:    2
 This function calls:
		Nothing
 This function is called by:
		_M_control
		_main
 This function uses a non-reentrant model


 *************** function _isr *****************
 Defined at:
		line 51 in file "main.c"
 Parameters:    Size  Location     Type
		None
 Auto vars:     Size  Location     Type
		None
 Return value:  Size  Location     Type
                  1    wreg      void 
 Registers used:
		wreg, fsr0l, fsr0h, status,2, status,0, pclath, cstack
 Tracked objects:
		On entry : 
		On exit  : 
		Unchanged: 
 Data sizes:     COMMON   BANK0   BANK1
      Params:         0       0       0
      Locals:         0       0       0
      Temps:          0       1       0
      Totals:         0       1       0
Total ram usage:        1 bytes
 Hardware stack levels used:    1
 Hardware stack levels required when called:    1
 This function calls:
		___lwdiv
		___wmul
 This function is called by:
		Interrupt level 1
 This function uses a non-reentrant model


 *************** function ___wmul *****************
 Defined at:
		line 15 in file "C:\Program Files (x86)\Microchip\xc8\v1.43\sources\common\Umul16.c"
 Parameters:    Size  Location     Type
  multiplier      2    0[COMMON] unsigned int 
  multiplicand    2    2[COMMON] unsigned int 
 Auto vars:     Size  Location     Type
  product         2    4[COMMON] unsigned int 
 Return value:  Size  Location     Type
                  2    0[COMMON] unsigned int 
 Registers used:
		wreg, status,2, status,0
 Tracked objects:
		On entry : 
		On exit  : 
		Unchanged: 
 Data sizes:     COMMON   BANK0   BANK1
      Params:         4       0       0
      Locals:         2       0       0
      Temps:          0       0       0
      Totals:         6       0       0
Total ram usage:        6 bytes
 Hardware stack levels used:    1
 This function calls:
		Nothing
 This function is called by:
		_isr
 This function uses a non-reentrant model


 *************** function ___lwdiv *****************
 Defined at:
		line 6 in file "C:\Program Files (x86)\Microchip\xc8\v1.43\sources\common\lwdiv.c"
 Parameters:    Size  Location     Type
  divisor         2    6[COMMON] unsigned int 
  dividend        2    8[COMMON] unsigned int 
 Auto vars:     Size  Location     Type
  quotient        2   11[COMMON] unsigned int 
  counter         1   13[COMMON] unsigned char 
 Return value:  Size  Location     Type
                  2    6[COMMON] unsigned int 
 Registers used:
		wreg, status,2, status,0
 Tracked objects:
		On entry : 
		On exit  : 
		Unchanged: 
 Data sizes:     COMMON   BANK0   BANK1
      Params:         4       0       0
      Locals:         3       0       0
      Temps:          1       0       0
      Totals:         8       0       0
Total ram usage:        8 bytes
 Hardware stack levels used:    1
 This function calls:
		Nothing
 This function is called by:
		_isr
 This function uses a non-reentrant model



MODULE INFORMATION

Module		Function		Class		Link	Load	Size
C:\Program Files (x86)\Microchip\xc8\v1.43\sources\common\ftmul.c
		___ftmul       		CODE           	02EF	0000	180

C:\Program Files (x86)\Microchip\xc8\v1.43\sources\common\ftmul.c estimated size: 180

C:\Program Files (x86)\Microchip\xc8\v1.43\sources\common\ftdiv.c
		___ftdiv       		CODE           	03A2	0000	169

C:\Program Files (x86)\Microchip\xc8\v1.43\sources\common\ftdiv.c estimated size: 169

C:\Program Files (x86)\Microchip\xc8\v1.43\sources\common\ftge.c
		___ftge        		CODE           	0602	0000	61

C:\Program Files (x86)\Microchip\xc8\v1.43\sources\common\ftge.c estimated size: 61

C:\Program Files (x86)\Microchip\xc8\v1.43\sources\common\lwdiv.c
		___lwdiv       		CODE           	063E	0000	53

C:\Program Files (x86)\Microchip\xc8\v1.43\sources\common\lwdiv.c estimated size: 53

C:\Program Files (x86)\Microchip\xc8\v1.43\sources\common\awtoft.c
		___awtoft      		CODE           	06C7	0000	34

C:\Program Files (x86)\Microchip\xc8\v1.43\sources\common\awtoft.c estimated size: 34

C:\Program Files (x86)\Microchip\xc8\v1.43\sources\common\fttol.c
		___fttol       		CODE           	044A	0000	136

C:\Program Files (x86)\Microchip\xc8\v1.43\sources\common\fttol.c estimated size: 136

C:\Program Files (x86)\Microchip\xc8\v1.43\sources\common\ftadd.c
		___ftadd       		CODE           	01FA	0000	246

C:\Program Files (x86)\Microchip\xc8\v1.43\sources\common\ftadd.c estimated size: 246

shared
		_gear          		STRCODE        	0721	0000	3
		_kd            		STRCODE        	071B	0000	4
		_ki            		STRCODE        	0718	0000	4
		__initialization		CODE           	004C	0000	16
		_kp            		STRCODE        	071E	0000	4

shared estimated size: 31

C:\Program Files (x86)\Microchip\xc8\v1.43\sources\common\ftneg.c
		___ftneg       		CODE           	070F	0000	10

C:\Program Files (x86)\Microchip\xc8\v1.43\sources\common\ftneg.c estimated size: 10

C:\Program Files (x86)\Microchip\xc8\v1.43\sources\common\Umul16.c
		___wmul        		CODE           	06E8	0000	28

C:\Program Files (x86)\Microchip\xc8\v1.43\sources\common\Umul16.c estimated size: 28

C:\Program Files (x86)\Microchip\xc8\v1.43\sources\common\float.c
		___ftpack      		CODE           	0548	0000	102

C:\Program Files (x86)\Microchip\xc8\v1.43\sources\common\float.c estimated size: 102

main.c
		_main          		CODE           	04D1	0000	120
		_PID           		CODE           	05AD	0000	86
		_calculate_pid 		CODE           	005E	0000	413
		_isr           		CODE           	0004	0000	72
		_PWM_set_duty  		CODE           	06A1	0000	39
		_PWM_Init      		CODE           	0703	0000	13
		_M_control     		CODE           	0672	0000	48

main.c estimated size: 791

