Microchip MPLAB XC8 Compiler V2.00 ()

Linker command line:

-W-3 --edf=C:\Program Files (x86)\Microchip\xc8\v2.00\pic\dat\en_msgs.txt \
  -cs -h+dist/default/production\MPLAB_XC8.production.sym \
  --cmf=dist/default/production\MPLAB_XC8.production.cmf -z -w9 \
  --disl=596:off --norlf -Q12F1840 \
  -oC:\Users\ciro_\AppData\Local\Temp\sclk.2 --defsym=__MPLAB_BUILD=1 \
  -Mdist/default/production/MPLAB_XC8.production.map -E1 -ver=XC8 \
  --acfsm=1493 -ACODE=00h-07FFhx2 -ASTRCODE=00h-0FFFh -ASTRING=00h-0FFhx16 \
  -ACONST=00h-0FFhx16 -AENTRY=00h-0FFhx16 -ACOMMON=070h-07Fh \
  -ABANK0=020h-06Fh -ABANK1=0A0h-0EFh -ABANK2=0120h-016Fh \
  -ABIGRAM=02000h-020EFh -ARAM=020h-06Fh,0A0h-0EFh,0120h-016Fh \
  -AABS1=020h-07Fh,0A0h-0EFh,0120h-016Fh -ASFR0=00h-01Fh -ASFR1=080h-09Fh \
  -ASFR2=0100h-011Fh -ASFR3=0180h-01EFh -ASFR4=0200h-026Fh \
  -ASFR5=0280h-02EFh -ASFR6=0300h-036Fh -ASFR7=0380h-03EFh \
  -ASFR8=0400h-046Fh -ASFR9=0480h-04EFh -ASFR10=0500h-056Fh \
  -ASFR11=0580h-05EFh -ASFR12=0600h-066Fh -ASFR13=0680h-06EFh \
  -ASFR14=0700h-076Fh -ASFR15=0780h-07EFh -ASFR16=0800h-086Fh \
  -ASFR17=0880h-08EFh -ASFR18=0900h-096Fh -ASFR19=0980h-09EFh \
  -ASFR20=0A00h-0A6Fh -ASFR21=0A80h-0AEFh -ASFR22=0B00h-0B6Fh \
  -ASFR23=0B80h-0BEFh -ASFR24=0C00h-0C6Fh -ASFR25=0C80h-0CEFh \
  -ASFR26=0D00h-0D6Fh -ASFR27=0D80h-0DEFh -ASFR28=0E00h-0E6Fh \
  -ASFR29=0E80h-0EEFh -ASFR30=0F00h-0F6Fh -ASFR31=0F80h-0FEFh \
  -preset_vec=00h,intentry,init,end_init -ppowerup=CODE -pcinit=CODE \
  -pfunctab=ENTRY -ACONFIG=08007h-08008h -pconfig=CONFIG -DCONFIG=2 \
  -AIDLOC=08000h-08003h -pidloc=IDLOC -DIDLOC=2 -AEEDATA=00h-0FFh/0F000h \
  -peeprom_data=EEDATA -DEEDATA=2 -DCODE=2 -DSTRCODE=2 -DSTRING=2 -DCONST=2 \
  -DENTRY=2 -k C:\Users\ciro_\AppData\Local\Temp\sclk.o \
  dist/default/production\MPLAB_XC8.production.o 

Object code version is 3.11

Machine type is 12F1840



                Name                               Link     Load   Length Selector   Space Scale
C:\Users\ciro_\AppData\Local\Temp\sclk.o
                end_init                             EC       EC        3        0       0
                reset_vec                             0        0        2        0       0
dist/default/production\MPLAB_XC8.production.o
                cinit                               7E7      7E7       19      FCE       0
                intentry                              2        2       EA        0       0
                eeprom_data                           0     F000       20    1E000       3
                text20                               20     F020       34        0       0
                text19                               54     F054       1B        0       0
                text17                               6F     F06F        C        0       0
                text16                              BDA      BDA      1FA     17B4       0
                text15                              836      836       9A     106C       0
                text14                               7B     F07B       20        0       0
                text13                              DD4      DD4      22C     1BA8       0
                text12                               9B     F09B        A        0       0
                text11                               A5     F0A5       7F        0       0
                text10                              124     F124       96        0       0
                text9                               1BA     F1BA        F        0       0
                text8                               122      122      27F      244       0
                text7                                F6       F6       2C      1EC       0
                text6                               1C9     F1C9       1C        0       0
                text5                               8D0      8D0      124     11A0       0
                text4                               1E5     F1E5       26        0       0
                text3                               802      802       34     1004       0
                text2                               9F4      9F4      1E6     13E8       0
                text1                               20B     F20B       5D        0       0
                swtext1                             268     F268       10        0       0
                maintext                            3A1      3A1      446      742       0
                cstackBANK0                          20       20       4D       20       1
                cstackCOMMON                         70       70        E       70       1
                cstackBANK1                          CF       CF       21       A0       1
                clrtext                              F0       F0        6      1E0       0
                bssBANK2                            120      120       17      120       1
                bssBANK1                             A0       A0       2F       A0       1
                dataBANK0                            6F       6F        1       20       1
                bssBANK0                             6E       6E        1       20       1
                bitbssBANK0                         368       6D        2       20       1     8
                stringtext1                         800      800        1     1000       0
                idataBANK0                           EF       EF        1        0       0

TOTAL           Name                               Link     Load   Length     Space
        CLASS   CODE           
                end_init                             EC       EC        3         0
                cinit                               7E7      7E7       19         0
                intentry                              2        2       EA         0
                reset_vec                             0        0        2         0
                text20                               20     F020       34         0
                text19                               54     F054       1B         0
                text17                               6F     F06F        C         0
                text16                              BDA      BDA      1FA         0
                text15                              836      836       9A         0
                text14                               7B     F07B       20         0
                text13                              DD4      DD4      22C         0
                text12                               9B     F09B        A         0
                text11                               A5     F0A5       7F         0
                text10                              124     F124       96         0
                text9                               1BA     F1BA        F         0
                text8                               122      122      27F         0
                text7                                F6       F6       2C         0
                text6                               1C9     F1C9       1C         0
                text5                               8D0      8D0      124         0
                text4                               1E5     F1E5       26         0
                text3                               802      802       34         0
                text2                               9F4      9F4      1E6         0
                text1                               20B     F20B       5D         0
                maintext                            3A1      3A1      446         0
                clrtext                              F0       F0        6         0
                idataBANK0                           EF       EF        1         0

        CLASS   STRCODE        
                stringtext1                         800      800        1         0

        CLASS   STRING         

        CLASS   CONST          
                swtext1                             268     F268       10         0

        CLASS   ENTRY          

        CLASS   COMMON         
                cstackCOMMON                         70       70        E         1

        CLASS   BANK0          
                cstackBANK0                          20       20       4D         1
                dataBANK0                            6F       6F        1         1
                bssBANK0                             6E       6E        1         1
                bitbssBANK0                         368       6D        2         1

        CLASS   BANK1          
                cstackBANK1                          CF       CF       21         1
                bssBANK1                             A0       A0       2F         1

        CLASS   BANK2          
                bssBANK2                            120      120       17         1

        CLASS   BIGRAM         

        CLASS   RAM            

        CLASS   ABS1           
                abs_s1                               7E       7E        2         1

        CLASS   SFR0           

        CLASS   SFR1           

        CLASS   SFR2           

        CLASS   SFR3           

        CLASS   SFR4           

        CLASS   SFR5           

        CLASS   SFR6           

        CLASS   SFR7           

        CLASS   SFR8           

        CLASS   SFR9           

        CLASS   SFR10          

        CLASS   SFR11          

        CLASS   SFR12          

        CLASS   SFR13          

        CLASS   SFR14          

        CLASS   SFR15          

        CLASS   SFR16          

        CLASS   SFR17          

        CLASS   SFR18          

        CLASS   SFR19          

        CLASS   SFR20          

        CLASS   SFR21          

        CLASS   SFR22          

        CLASS   SFR23          

        CLASS   SFR24          

        CLASS   SFR25          

        CLASS   SFR26          

        CLASS   SFR27          

        CLASS   SFR28          

        CLASS   SFR29          

        CLASS   SFR30          

        CLASS   SFR31          

        CLASS   CONFIG         

        CLASS   IDLOC          

        CLASS   EEDATA         
                eeprom_data                           0     F000       20         3

        CLASS   BANK31         

        CLASS   BANK30         

        CLASS   BANK29         

        CLASS   BANK28         

        CLASS   BANK27         

        CLASS   BANK26         

        CLASS   BANK25         

        CLASS   BANK24         

        CLASS   BANK23         

        CLASS   BANK22         

        CLASS   BANK21         

        CLASS   BANK20         

        CLASS   BANK19         

        CLASS   BANK18         

        CLASS   BANK17         

        CLASS   BANK16         

        CLASS   BANK15         

        CLASS   BANK14         

        CLASS   BANK13         

        CLASS   BANK12         

        CLASS   BANK11         

        CLASS   BANK10         

        CLASS   BANK9          

        CLASS   BANK8          

        CLASS   BANK7          

        CLASS   BANK6          

        CLASS   BANK5          

        CLASS   BANK4          

        CLASS   BANK3          

        CLASS   STACK          



SEGMENTS        Name                           Load    Length   Top    Selector   Space  Class     Delta

                reset_vec                      000000  0000F0  0000F0         0       0  CODE        2
                cstackBANK0                    000020  000050  000070        20       1  BANK0       1
                cstackCOMMON                   000070  00000E  00007E        70       1  COMMON      1
                bssBANK1                       0000A0  000050  0000F0        A0       1  BANK1       1
                bssBANK2                       000120  000017  000137       120       1  BANK2       1
                clrtext                        0000F0  000006  0000F6       1E0       0  CODE        2
                text7                          0000F6  00002C  000122       1EC       0  CODE        2
                text8                          000122  00027F  0003A1       244       0  CODE        2
                maintext                       0003A1  000446  0007E7       742       0  CODE        2
                cinit                          0007E7  000019  000800       FCE       0  CODE        2
                stringtext1                    000800  000001  000801      1000       0  STRCODE     2
                text3                          000802  000034  000836      1004       0  CODE        2
                text15                         000836  00009A  0008D0      106C       0  CODE        2
                text5                          0008D0  000124  0009F4      11A0       0  CODE        2
                text2                          0009F4  0001E6  000BDA      13E8       0  CODE        2
                text16                         000BDA  0001FA  000DD4      17B4       0  CODE        2
                text13                         000DD4  00022C  001000      1BA8       0  CODE        2
                eeprom_data                    00F000  000020  00F020     1E000       3  EEDATA      2


UNUSED ADDRESS RANGES

        Name                Unused          Largest block    Delta
        BANK2            00137-0016F              39           1
        BIGRAM           02000-020EF              F0           1
        CODE             00801-00801               1           2
        CONFIG           08007-08008               2           2
        CONST            00801-00801               1           2
        EEDATA           0F020-0F0FF              E0           2
        ENTRY            00801-00801               1           2
        IDLOC            08000-08003               4           2
        RAM              00137-0016F              39           1
        SFR0             00000-0001F              20           1
        SFR1             00080-0009F              20           1
        SFR10            00500-0056F              70           1
        SFR11            00580-005EF              70           1
        SFR12            00600-0066F              70           1
        SFR13            00680-006EF              70           1
        SFR14            00700-0076F              70           1
        SFR15            00780-007EF              70           1
        SFR16            00800-0086F              70           1
        SFR17            00880-008EF              70           1
        SFR18            00900-0096F              70           1
        SFR19            00980-009EF              70           1
        SFR2             00100-0011F              20           1
        SFR20            00A00-00A6F              70           1
        SFR21            00A80-00AEF              70           1
        SFR22            00B00-00B6F              70           1
        SFR23            00B80-00BEF              70           1
        SFR24            00C00-00C6F              70           1
        SFR25            00C80-00CEF              70           1
        SFR26            00D00-00D6F              70           1
        SFR27            00D80-00DEF              70           1
        SFR28            00E00-00E6F              70           1
        SFR29            00E80-00EEF              70           1
        SFR3             00180-001EF              70           1
        SFR30            00F00-00F6F              70           1
        SFR31            00F80-00FEF              70           1
        SFR4             00200-0026F              70           1
        SFR5             00280-002EF              70           1
        SFR6             00300-0036F              70           1
        SFR7             00380-003EF              70           1
        SFR8             00400-0046F              70           1
        SFR9             00480-004EF              70           1
        STRCODE          00801-00801               1           2
        STRING           00801-00801               1           2

                                  Symbol Table

?__Umul8_16               cstackBANK0  00022
?___flneg                 cstackBANK0  00022
?___fltol                 cstackBANK0  00022
?_abs                     cstackBANK0  00022
?___xxtofl                cstackBANK0  00026
?___flmul                 cstackBANK0  0002B
__CFG_BOREN$ON            (abs)        00000
__CFG_BORV$LO             (abs)        00000
__CFG_CLKOUTEN$OFF        (abs)        00000
__CFG_CP$OFF              (abs)        00000
__CFG_CPD$OFF             (abs)        00000
__CFG_FCMEN$OFF           (abs)        00000
__CFG_FOSC$INTOSC         (abs)        00000
__CFG_IESO$OFF            (abs)        00000
__CFG_LVP$OFF             (abs)        00000
__CFG_MCLRE$OFF           (abs)        00000
__CFG_PLLEN$ON            (abs)        00000
__CFG_PWRTE$ON            (abs)        00000
__CFG_STVREN$ON           (abs)        00000
__CFG_WDTE$ON             (abs)        00000
__CFG_WRT$OFF             (abs)        00000
__Hconfig                 config       00000
__Hfunctab                functab      00000
__Hidloc                  idloc        00000
__Hpowerup                powerup      00000
__Lconfig                 config       00000
__Leeprom_data            eeprom_data  00000
__Lfunctab                functab      00000
__Lidloc                  idloc        00000
__Lpowerup                powerup      00000
__Lreset_vec              reset_vec    00000
__Lspace_0                (abs)        00000
__Lspace_1                (abs)        00000
__Lspace_2                (abs)        00000
__Lspace_3                (abs)        00000
__size_of_M_control       (abs)        00000
__size_of_PWM_Init        (abs)        00000
__size_of_PWM_set_duty    (abs)        00000
__size_of__Umul8_16       (abs)        00000
__size_of___fladd         (abs)        00000
__size_of___flge          (abs)        00000
__size_of___flmul         (abs)        00000
__size_of___flneg         (abs)        00000
__size_of___fltol         (abs)        00000
__size_of___lwdiv         (abs)        00000
__size_of___wmul          (abs)        00000
__size_of___xxtofl        (abs)        00000
__size_of_abs             (abs)        00000
__size_of_calculate_pidA  (abs)        00000
__size_of_calculate_pidM  (abs)        00000
__size_of_eeprom_read     (abs)        00000
__size_of_eeprom_write    (abs)        00000
__size_of_init_I2C_buffer (abs)        00000
__size_of_isr             (abs)        00000
__size_of_main            (abs)        00000
__size_of_pre_pidM        (abs)        00000
intlevel0                 functab      00000
intlevel1                 functab      00000
intlevel2                 functab      00000
intlevel3                 functab      00000
intlevel4                 functab      00000
intlevel5                 functab      00000
reset_vec                 reset_vec    00000
stackhi                   (abs)        00000
stacklo                   (abs)        00000
___latbits                (abs)        00001
_STATUSbits               (abs)        00003
__Hreset_vec              reset_vec    00002
__Lintentry               intentry     00002
__pintentry               intentry     00002
_isr                      intentry     00002
_INTCON                   (abs)        0000B
_INTCONbits               (abs)        0000B
_PORTAbits                (abs)        0000C
_PIR1bits                 (abs)        00011
_PIR2bits                 (abs)        00012
_T1CON                    (abs)        00018
_T1CONbits                (abs)        00018
_PR2                      (abs)        0001B
_T2CON                    (abs)        0001C
__Hspace_3                (abs)        00020
__pcstackBANK0            cstackBANK0  00020
PWM_set_duty@duty         cstackBANK0  00022
__Umul8_16@multiplicand   cstackBANK0  00022
___flneg@f1               cstackBANK0  00022
___fltol@f1               cstackBANK0  00022
abs@a                     cstackBANK0  00022
eeprom_write@value        cstackBANK0  00022
eeprom_read@addr          cstackBANK0  00025
eeprom_write@addr         cstackBANK0  00025
__Umul8_16@product        cstackBANK0  00026
___xxtofl@val             cstackBANK0  00026
__Umul8_16@word_mpld      cstackBANK0  00028
__Umul8_16@multiplier     cstackBANK0  0002A
___flmul@b                cstackBANK0  0002B
___fltol@sign1            cstackBANK0  0002B
___fltol@exp1             cstackBANK0  0002C
M_control@ctr             cstackBANK0  0002D
___xxtofl@sign            cstackBANK0  0002E
___flmul@a                cstackBANK0  0002F
___xxtofl@exp             cstackBANK0  0002F
___xxtofl@arg             cstackBANK0  00030
___flge@ff1               cstackBANK0  00034
___flge@ff2               cstackBANK0  00038
___flmul@sign             cstackBANK0  00038
___flmul@grs              cstackBANK0  00039
___flmul@aexp             cstackBANK0  0003D
___flmul@bexp             cstackBANK0  0003E
___flmul@prod             cstackBANK0  0003F
__Habs1                   abs1         00040
__Hbank0                  bank0        00040
__Hbank1                  bank1        00040
__Hbank10                 bank10       00040
__Hbank11                 bank11       00040
__Hbank12                 bank12       00040
__Hbank13                 bank13       00040
__Hbank14                 bank14       00040
__Hbank15                 bank15       00040
__Hbank16                 bank16       00040
__Hbank17                 bank17       00040
__Hbank18                 bank18       00040
__Hbank19                 bank19       00040
__Hbank2                  bank2        00040
__Hbank20                 bank20       00040
__Hbank21                 bank21       00040
__Hbank22                 bank22       00040
__Hbank23                 bank23       00040
__Hbank24                 bank24       00040
__Hbank25                 bank25       00040
__Hbank26                 bank26       00040
__Hbank27                 bank27       00040
__Hbank28                 bank28       00040
__Hbank29                 bank29       00040
__Hbank3                  bank3        00040
__Hbank30                 bank30       00040
__Hbank31                 bank31       00040
__Hbank4                  bank4        00040
__Hbank5                  bank5        00040
__Hbank6                  bank6        00040
__Hbank7                  bank7        00040
__Hbank8                  bank8        00040
__Hbank9                  bank9        00040
__Hbigram                 bigram       00040
__Hclrtext                clrtext      00040
__Hcode                   code         00040
__Hcommon                 common       00040
__Heeprom_data            eeprom_data  00020
__Hmaintext               maintext     00040
__Hram                    ram          00040
__Hsfr0                   sfr0         00040
__Hsfr1                   sfr1         00040
__Hsfr10                  sfr10        00040
__Hsfr11                  sfr11        00040
__Hsfr12                  sfr12        00040
__Hsfr13                  sfr13        00040
__Hsfr14                  sfr14        00040
__Hsfr15                  sfr15        00040
__Hsfr16                  sfr16        00040
__Hsfr17                  sfr17        00040
__Hsfr18                  sfr18        00040
__Hsfr19                  sfr19        00040
__Hsfr2                   sfr2         00040
__Hsfr20                  sfr20        00040
__Hsfr21                  sfr21        00040
__Hsfr22                  sfr22        00040
__Hsfr23                  sfr23        00040
__Hsfr24                  sfr24        00040
__Hsfr25                  sfr25        00040
__Hsfr26                  sfr26        00040
__Hsfr27                  sfr27        00040
__Hsfr28                  sfr28        00040
__Hsfr29                  sfr29        00040
__Hsfr3                   sfr3         00040
__Hsfr30                  sfr30        00040
__Hsfr31                  sfr31        00040
__Hsfr4                   sfr4         00040
__Hsfr5                   sfr5         00040
__Hsfr6                   sfr6         00040
__Hsfr7                   sfr7         00040
__Hsfr8                   sfr8         00040
__Hsfr9                   sfr9         00040
__Hspace_2                (abs)        00040
__Hstack                  stack        00040
__Hstrings                strings      00040
__Htext                   text         00040
__Labs1                   abs1         00040
__Lbank0                  bank0        00040
__Lbank1                  bank1        00040
__Lbank10                 bank10       00040
__Lbank11                 bank11       00040
__Lbank12                 bank12       00040
__Lbank13                 bank13       00040
__Lbank14                 bank14       00040
__Lbank15                 bank15       00040
__Lbank16                 bank16       00040
__Lbank17                 bank17       00040
__Lbank18                 bank18       00040
__Lbank19                 bank19       00040
__Lbank2                  bank2        00040
__Lbank20                 bank20       00040
__Lbank21                 bank21       00040
__Lbank22                 bank22       00040
__Lbank23                 bank23       00040
__Lbank24                 bank24       00040
__Lbank25                 bank25       00040
__Lbank26                 bank26       00040
__Lbank27                 bank27       00040
__Lbank28                 bank28       00040
__Lbank29                 bank29       00040
__Lbank3                  bank3        00040
__Lbank30                 bank30       00040
__Lbank31                 bank31       00040
__Lbank4                  bank4        00040
__Lbank5                  bank5        00040
__Lbank6                  bank6        00040
__Lbank7                  bank7        00040
__Lbank8                  bank8        00040
__Lbank9                  bank9        00040
__Lbigram                 bigram       00040
__Lclrtext                clrtext      00040
__Lcode                   code         00040
__Lcommon                 common       00040
__Lmaintext               maintext     00040
__Lram                    ram          00040
__Lsfr0                   sfr0         00040
__Lsfr1                   sfr1         00040
__Lsfr10                  sfr10        00040
__Lsfr11                  sfr11        00040
__Lsfr12                  sfr12        00040
__Lsfr13                  sfr13        00040
__Lsfr14                  sfr14        00040
__Lsfr15                  sfr15        00040
__Lsfr16                  sfr16        00040
__Lsfr17                  sfr17        00040
__Lsfr18                  sfr18        00040
__Lsfr19                  sfr19        00040
__Lsfr2                   sfr2         00040
__Lsfr20                  sfr20        00040
__Lsfr21                  sfr21        00040
__Lsfr22                  sfr22        00040
__Lsfr23                  sfr23        00040
__Lsfr24                  sfr24        00040
__Lsfr25                  sfr25        00040
__Lsfr26                  sfr26        00040
__Lsfr27                  sfr27        00040
__Lsfr28                  sfr28        00040
__Lsfr29                  sfr29        00040
__Lsfr3                   sfr3         00040
__Lsfr30                  sfr30        00040
__Lsfr31                  sfr31        00040
__Lsfr4                   sfr4         00040
__Lsfr5                   sfr5         00040
__Lsfr6                   sfr6         00040
__Lsfr7                   sfr7         00040
__Lsfr8                   sfr8         00040
__Lsfr9                   sfr9         00040
__Lstack                  stack        00040
__Lstrings                strings      00040
__Ltext                   text         00040
___int_sp                 stack        00040
___lwdiv                  text20       00020
___sp                     stack        00040
__ptext20                 text20       00020
___flmul@temp             cstackBANK0  00043
?___fladd                 cstackBANK0  00045
___fladd@b                cstackBANK0  00045
___fladd@a                cstackBANK0  00049
___fladd@signs            cstackBANK0  00059
___fladd@aexp             cstackBANK0  0005A
___fladd@bexp             cstackBANK0  0005B
___fladd@grs              cstackBANK0  0005C
?_calculate_pidA          cstackBANK0  0005D
calculate_pidA@set        cstackBANK0  0005D
calculate_pidM@set        cstackBANK0  00069
__pbssBANK0               bssBANK0     0006E
_index_i2c                bssBANK0     0006E
__pdataBANK0              dataBANK0    0006F
_first_i2c                dataBANK0    0006F
?___wmul                  cstackCOMMON 00070
___wmul@multiplier        cstackCOMMON 00070
__pcstackCOMMON           cstackCOMMON 00070
___wmul@multiplicand      cstackCOMMON 00072
___wmul@product           cstackCOMMON 00074
?___lwdiv                 cstackCOMMON 00076
___lwdiv@divisor          cstackCOMMON 00076
___lwdiv@dividend         cstackCOMMON 00078
___lwdiv@quotient         cstackCOMMON 0007B
___lwdiv@counter          cstackCOMMON 0007D
btemp                     (abs)        0007E
int$flags                 (abs)        0007E
wtemp0                    (abs)        0007E
_TRISA                    (abs)        0008C
_PIE1bits                 (abs)        00091
_PIE2bits                 (abs)        00092
_OPTION_REGbits           (abs)        00095
_OSCCON                   (abs)        00099
_I2C_buffer               bssBANK1     000A0
__pbssBANK1               bssBANK1     000A0
___wmul                   text19       00054
__end_of___lwdiv          text20       00054
__ptext19                 text19       00054
_auxDistance              bssBANK1     000CB
__pcstackBANK1            cstackBANK1  000CF
_calculate_pidA$1318      cstackBANK1  000CF
calculate_pidA@error      cstackBANK1  000D3
calculate_pidA@pid        cstackBANK1  000D7
_calculate_pidM$1319      cstackBANK1  000DB
_PWM_Init                 text17       0006F
__end_of___wmul           text19       0006F
__ptext17                 text17       0006F
calculate_pidM@error      cstackBANK1  000DF
calculate_pidM@pid        cstackBANK1  000E3
pre_pidM@set              cstackBANK1  000E7
__Umul8_16                text14       0007B
__end_of_PWM_Init         text17       0007B
__ptext14                 text14       0007B
_LATAbits                 (abs)        0010C
_APFCONbits               (abs)        0011D
__pbssBANK2               bssBANK2     00120
_lasterrorA               bssBANK2     00120
_accumulatorA             bssBANK2     00124
_lasterrorM               bssBANK2     00128
_accumulatorM             bssBANK2     0012C
_stable                   bssBANK2     00130
_lset                     bssBANK2     00132
_counter                  bssBANK2     00134
___flneg                  text12       0009B
__end_of__Umul8_16        text14       0009B
__ptext12                 text12       0009B
isr@junk                  bssBANK2     00136
__S1                      (abs)        00137
___fltol                  text11       000A5
__end_of___flneg          text12       000A5
__ptext11                 text11       000A5
_ANSELA                   (abs)        0018C
_EEADR                    (abs)        00191
_EEDATA                   (abs)        00193
_EECON1                   (abs)        00195
_EECON1bits               (abs)        00195
_EECON2                   (abs)        00196
__Hinit                   init         000EC
__Hintentry               intentry     000EC
__Lend_init               end_init     000EC
__Linit                   init         000EC
__end_of_isr              intentry     000EC
start                     init         000EC
__Hend_init               end_init     000EF
__pidataBANK0             idataBANK0   000EF
clear_ram0                clrtext      000F0
__ptext7                  text7        000F6
_eeprom_write             text7        000F6
_WPUA                     (abs)        0020C
_SSP1BUF                  (abs)        00211
_SSP1ADD                  (abs)        00212
_SSP1STAT                 (abs)        00214
_SSP1STATbits             (abs)        00214
_SSP1CON1                 (abs)        00215
_SSP1CON1bits             (abs)        00215
_SSP1CON2bits             (abs)        00216
_SSP1CON3bits             (abs)        00217
__end_of_eeprom_write     text7        00122
__ptext8                  text8        00122
_calculate_pidA           text8        00122
___xxtofl                 text10       00124
__end_of___fltol          text11       00124
__ptext10                 text10       00124
_CCPR1L                   (abs)        00291
_CCP1CON                  (abs)        00293
__pbitbssBANK0            bitbssBANK0  00368
_loadDistance             bitbssBANK0  00368
_zero_cross               bitbssBANK0  00369
__Hspace_1                (abs)        0036A
__end_of___xxtofl         text10       001BA
__ptext9                  text9        001BA
_abs                      text9        001BA
_IOCANbits                (abs)        00392
__end_of_abs              text9        001C9
__ptext6                  text6        001C9
_eeprom_read              text6        001C9
_IOCAFbits                (abs)        00393
_PWM_set_duty             text4        001E5
__end_of_eeprom_read      text6        001E5
__ptext4                  text4        001E5
__end_of_PWM_set_duty     text4        0020B
__ptext1                  text1        0020B
_pre_pidM                 text1        0020B
__end_of_pre_pidM         text1        00268
__pswtext1                swtext1      00268
__HbssBANK0               bssBANK0     004F0
__HbssBANK1               bssBANK1     004F0
__HbssBANK2               bssBANK2     004F0
__HcstackBANK0            cstackBANK0  004F0
__HcstackBANK1            cstackBANK1  004F0
__HcstackCOMMON           cstackCOMMON 004F0
__HdataBANK0              dataBANK0    004F0
__LbssBANK0               bssBANK0     004F0
__LbssBANK1               bssBANK1     004F0
__LbssBANK2               bssBANK2     004F0
__LcstackBANK0            cstackBANK0  004F0
__LcstackBANK1            cstackBANK1  004F0
__LcstackCOMMON           cstackCOMMON 004F0
__LdataBANK0              dataBANK0    004F0
__end_of_calculate_pidA   text8        003A1
__pmaintext               maintext     003A1
_main                     maintext     003A1
__Lcinit                  cinit        007E7
__end_of_main             maintext     007E7
__initialization          cinit        007E7
start_initialization      cinit        007E7
__end_of__initialization  cinit        007FC
end_of_initialization     cinit        007FC
_RX_ELMNTS                stringtext1  00800
__Hcinit                  cinit        00800
__S0                      (abs)        01000
__pstringtext1            stringtext1  00800
__end_of_RX_ELMNTS        stringtext1  00801
_M_control                text3        00802
__ptext3                  text3        00802
___flge                   text15       00836
__end_of_M_control        text3        00836
__ptext15                 text15       00836
__end_of___flge           text15       008D0
__ptext5                  text5        008D0
_init_I2C_buffer          text5        008D0
__end_of_init_I2C_buffer  text5        009F4
__ptext2                  text2        009F4
_calculate_pidM           text2        009F4
___fladd                  text16       00BDA
__end_of_calculate_pidM   text2        00BDA
__ptext16                 text16       00BDA
___flmul                  text13       00DD4
__end_of___fladd          text16       00DD4
__ptext13                 text13       00DD4
__end_of___flmul          text13       01000
__S3                      (abs)        0F020
__Beeprom_data            eeprom_data  0F000
__Babs1                   abs1         1E040
__Bbank0                  bank0        1E040
__Bbank1                  bank1        1E040
__Bbank10                 bank10       1E040
__Bbank11                 bank11       1E040
__Bbank12                 bank12       1E040
__Bbank13                 bank13       1E040
__Bbank14                 bank14       1E040
__Bbank15                 bank15       1E040
__Bbank16                 bank16       1E040
__Bbank17                 bank17       1E040
__Bbank18                 bank18       1E040
__Bbank19                 bank19       1E040
__Bbank2                  bank2        1E040
__Bbank20                 bank20       1E040
__Bbank21                 bank21       1E040
__Bbank22                 bank22       1E040
__Bbank23                 bank23       1E040
__Bbank24                 bank24       1E040
__Bbank25                 bank25       1E040
__Bbank26                 bank26       1E040
__Bbank27                 bank27       1E040
__Bbank28                 bank28       1E040
__Bbank29                 bank29       1E040
__Bbank3                  bank3        1E040
__Bbank30                 bank30       1E040
__Bbank31                 bank31       1E040
__Bbank4                  bank4        1E040
__Bbank5                  bank5        1E040
__Bbank6                  bank6        1E040
__Bbank7                  bank7        1E040
__Bbank8                  bank8        1E040
__Bbank9                  bank9        1E040
__Bbigram                 bigram       1E040
__Bclrtext                clrtext      1E040
__Bcode                   code         1E040
__Bcommon                 common       1E040
__Bmaintext               maintext     1E040
__Bram                    ram          1E040
__Bsfr0                   sfr0         1E040
__Bsfr1                   sfr1         1E040
__Bsfr10                  sfr10        1E040
__Bsfr11                  sfr11        1E040
__Bsfr12                  sfr12        1E040
__Bsfr13                  sfr13        1E040
__Bsfr14                  sfr14        1E040
__Bsfr15                  sfr15        1E040
__Bsfr16                  sfr16        1E040
__Bsfr17                  sfr17        1E040
__Bsfr18                  sfr18        1E040
__Bsfr19                  sfr19        1E040
__Bsfr2                   sfr2         1E040
__Bsfr20                  sfr20        1E040
__Bsfr21                  sfr21        1E040
__Bsfr22                  sfr22        1E040
__Bsfr23                  sfr23        1E040
__Bsfr24                  sfr24        1E040
__Bsfr25                  sfr25        1E040
__Bsfr26                  sfr26        1E040
__Bsfr27                  sfr27        1E040
__Bsfr28                  sfr28        1E040
__Bsfr29                  sfr29        1E040
__Bsfr3                   sfr3         1E040
__Bsfr30                  sfr30        1E040
__Bsfr31                  sfr31        1E040
__Bsfr4                   sfr4         1E040
__Bsfr5                   sfr5         1E040
__Bsfr6                   sfr6         1E040
__Bsfr7                   sfr7         1E040
__Bsfr8                   sfr8         1E040
__Bsfr9                   sfr9         1E040
__Bstack                  stack        1E040
__Bstrings                strings      1E040
__Btext                   text         1E040
__BbitbssBANK0            bitbssBANK0  1E4F0
__BbssBANK0               bssBANK0     1E4F0
__BbssBANK1               bssBANK1     1E4F0
__BbssBANK2               bssBANK2     1E4F0
__BcstackBANK0            cstackBANK0  1E4F0
__BcstackBANK1            cstackBANK1  1E4F0
__BcstackCOMMON           cstackCOMMON 1E4F0
__BdataBANK0              dataBANK0    1E4F0
__HidataBANK0             idataBANK0   1E4F0
__Hstringtext1            stringtext1  1E4F0
__LidataBANK0             idataBANK0   1E4F0
__Lstringtext1            stringtext1  1E4F0
__HbitbssBANK0            bitbssBANK0  F2780
__Hspace_0                (abs)        F2780
__LbitbssBANK0            bitbssBANK0  F2780
